// Jest Snapshot v1, https://goo.gl/fbAQLP

exports[`DateInput input value test matches snapshot 1`] = `
<div>
  <div
    class="inputWrapper"
  >
    <label
      class="inputLabel"
      role="label"
    >
      end date:
    </label>
    <div
      class="inputBasicWrapper"
    >
      <input
        class="inputValue"
        placeholder=""
        role="input"
        type="text"
        value=""
      />
    </div>
  </div>
</div>
`;
